---
source: src/tui/snapshot_tests.rs
expression: output
---
✓ 2 issues found                                  
                                                  
                                                  
                                                  
                                                  
                                                  
                                                  
                                                  
                                                  
                                                  
                                                  
↑↓:nav  Enter:collapse  ?:help  q:quit
